// Jest Snapshot v1, https://goo.gl/fbAQLP

exports[`should render correctly 1`] = `
<ul
  className="right"
>
  <li>
    <a
      href="/signin"
      onClick={[Function]}
    >
      Login
    </a>
  </li>
  <li>
    <a
      href="/signup"
      onClick={[Function]}
    >
      Sign Up
    </a>
  </li>
</ul>
`;
